{
  "version": "1.5.0",
  "plugins_used": [
    {
      "name": "ArtifactoryDetector"
    },
    {
      "name": "AWSKeyDetector"
    },
    {
      "name": "AzureStorageKeyDetector"
    },
    {
      "name": "Base64HighEntropyString",
      "limit": 4.5
    },
    {
      "name": "BasicAuthDetector"
    },
    {
      "name": "CloudantDetector"
    },
    {
      "name": "DiscordBotTokenDetector"
    },
    {
      "name": "GitHubTokenDetector"
    },
    {
      "name": "GitLabTokenDetector"
    },
    {
      "name": "HexHighEntropyString",
      "limit": 3.0
    },
    {
      "name": "IbmCloudIamDetector"
    },
    {
      "name": "IbmCosHmacDetector"
    },
    {
      "name": "IPPublicDetector"
    },
    {
      "name": "JwtTokenDetector"
    },
    {
      "name": "KeywordDetector",
      "keyword_exclude": ""
    },
    {
      "name": "MailchimpDetector"
    },
    {
      "name": "NpmDetector"
    },
    {
      "name": "OpenAIDetector"
    },
    {
      "name": "PrivateKeyDetector"
    },
    {
      "name": "PypiTokenDetector"
    },
    {
      "name": "SendGridDetector"
    },
    {
      "name": "SlackDetector"
    },
    {
      "name": "SoftlayerDetector"
    },
    {
      "name": "SquareOAuthDetector"
    },
    {
      "name": "StripeDetector"
    },
    {
      "name": "TelegramBotTokenDetector"
    },
    {
      "name": "TwilioKeyDetector"
    }
  ],
  "filters_used": [
    {
      "path": "detect_secrets.filters.allowlist.is_line_allowlisted"
    },
    {
      "path": "detect_secrets.filters.common.is_baseline_file",
      "filename": ".secrets.baseline"
    },
    {
      "path": "detect_secrets.filters.common.is_ignored_due_to_verification_policies",
      "min_level": 2
    },
    {
      "path": "detect_secrets.filters.heuristic.is_indirect_reference"
    },
    {
      "path": "detect_secrets.filters.heuristic.is_likely_id_string"
    },
    {
      "path": "detect_secrets.filters.heuristic.is_lock_file"
    },
    {
      "path": "detect_secrets.filters.heuristic.is_not_alphanumeric_string"
    },
    {
      "path": "detect_secrets.filters.heuristic.is_potential_uuid"
    },
    {
      "path": "detect_secrets.filters.heuristic.is_prefixed_with_dollar_sign"
    },
    {
      "path": "detect_secrets.filters.heuristic.is_sequential_string"
    },
    {
      "path": "detect_secrets.filters.heuristic.is_swagger_file"
    },
    {
      "path": "detect_secrets.filters.heuristic.is_templated_secret"
    }
  ],
  "results": {
    ".rasa/cache/tmp2dmose8h/memorized_turns.json": [
      {
        "type": "Base64 High Entropy String",
        "filename": ".rasa/cache/tmp2dmose8h/memorized_turns.json",
        "hashed_secret": "020b48a3ec62bbf81fa59c44086c2987d259387b",
        "is_verified": false,
        "line_number": 4
      },
      {
        "type": "Base64 High Entropy String",
        "filename": ".rasa/cache/tmp2dmose8h/memorized_turns.json",
        "hashed_secret": "62262d6a952587c560b1d1e3cc2d5a2e3490664a",
        "is_verified": false,
        "line_number": 5
      },
      {
        "type": "Base64 High Entropy String",
        "filename": ".rasa/cache/tmp2dmose8h/memorized_turns.json",
        "hashed_secret": "cf8971189e1f9f49f4ac5736db1a6d0aa3ad73f9",
        "is_verified": false,
        "line_number": 6
      },
      {
        "type": "Base64 High Entropy String",
        "filename": ".rasa/cache/tmp2dmose8h/memorized_turns.json",
        "hashed_secret": "9ebdb9f72da557d73678d76ba4f346a630f9b87c",
        "is_verified": false,
        "line_number": 7
      },
      {
        "type": "Base64 High Entropy String",
        "filename": ".rasa/cache/tmp2dmose8h/memorized_turns.json",
        "hashed_secret": "25b624126d72ea15a61e44e5dc94da0e7ecfae30",
        "is_verified": false,
        "line_number": 8
      },
      {
        "type": "Base64 High Entropy String",
        "filename": ".rasa/cache/tmp2dmose8h/memorized_turns.json",
        "hashed_secret": "28e6c278b7d457054170472010e8149037302d14",
        "is_verified": false,
        "line_number": 9
      },
      {
        "type": "Base64 High Entropy String",
        "filename": ".rasa/cache/tmp2dmose8h/memorized_turns.json",
        "hashed_secret": "0007494cb5b8f61992c8817cf28ead23af836c7d",
        "is_verified": false,
        "line_number": 10
      },
      {
        "type": "Base64 High Entropy String",
        "filename": ".rasa/cache/tmp2dmose8h/memorized_turns.json",
        "hashed_secret": "4a9be5d3257fc8b31f61c8556cc3ed54843d50d5",
        "is_verified": false,
        "line_number": 11
      },
      {
        "type": "Base64 High Entropy String",
        "filename": ".rasa/cache/tmp2dmose8h/memorized_turns.json",
        "hashed_secret": "64a7b8a2b5bf455b14e88ee6a04b17cab32ee41d",
        "is_verified": false,
        "line_number": 12
      },
      {
        "type": "Base64 High Entropy String",
        "filename": ".rasa/cache/tmp2dmose8h/memorized_turns.json",
        "hashed_secret": "80e296d70f2a4eab3d5bf9ecf3f1b09a4dd5f21a",
        "is_verified": false,
        "line_number": 13
      },
      {
        "type": "Base64 High Entropy String",
        "filename": ".rasa/cache/tmp2dmose8h/memorized_turns.json",
        "hashed_secret": "01b0ce516d41c88af39c395105f1fe495483f6c1",
        "is_verified": false,
        "line_number": 14
      },
      {
        "type": "Base64 High Entropy String",
        "filename": ".rasa/cache/tmp2dmose8h/memorized_turns.json",
        "hashed_secret": "43d8f3ea267265bb7096bc67d0140867a49d7e80",
        "is_verified": false,
        "line_number": 15
      },
      {
        "type": "Base64 High Entropy String",
        "filename": ".rasa/cache/tmp2dmose8h/memorized_turns.json",
        "hashed_secret": "8c7bd82821048e911a5e5af05dcf57d9f2e0be3a",
        "is_verified": false,
        "line_number": 16
      },
      {
        "type": "Base64 High Entropy String",
        "filename": ".rasa/cache/tmp2dmose8h/memorized_turns.json",
        "hashed_secret": "8774c60abd5f064359fc3054ab9cc6298a5d460a",
        "is_verified": false,
        "line_number": 17
      },
      {
        "type": "Base64 High Entropy String",
        "filename": ".rasa/cache/tmp2dmose8h/memorized_turns.json",
        "hashed_secret": "0a06430fe8498b01334e00f10cddca724c7d03e4",
        "is_verified": false,
        "line_number": 18
      },
      {
        "type": "Base64 High Entropy String",
        "filename": ".rasa/cache/tmp2dmose8h/memorized_turns.json",
        "hashed_secret": "f3d2a48a55916db891a265e7e5c2f323562abf00",
        "is_verified": false,
        "line_number": 19
      },
      {
        "type": "Base64 High Entropy String",
        "filename": ".rasa/cache/tmp2dmose8h/memorized_turns.json",
        "hashed_secret": "b596b8b1edb47e5c3fac4babdadb077c9940cd0a",
        "is_verified": false,
        "line_number": 20
      },
      {
        "type": "Base64 High Entropy String",
        "filename": ".rasa/cache/tmp2dmose8h/memorized_turns.json",
        "hashed_secret": "4c71c611c08ffa85337c2819d3702a1b5d3a2920",
        "is_verified": false,
        "line_number": 21
      },
      {
        "type": "Base64 High Entropy String",
        "filename": ".rasa/cache/tmp2dmose8h/memorized_turns.json",
        "hashed_secret": "b292827bd03ec4146b568eb94d4d4f5c61ce890f",
        "is_verified": false,
        "line_number": 22
      },
      {
        "type": "Base64 High Entropy String",
        "filename": ".rasa/cache/tmp2dmose8h/memorized_turns.json",
        "hashed_secret": "acf56b0194958416f39c91377cce6ed78a81a8cc",
        "is_verified": false,
        "line_number": 23
      },
      {
        "type": "Base64 High Entropy String",
        "filename": ".rasa/cache/tmp2dmose8h/memorized_turns.json",
        "hashed_secret": "150a69fad20d8d5a4be3627abc2d97228615f986",
        "is_verified": false,
        "line_number": 24
      },
      {
        "type": "Base64 High Entropy String",
        "filename": ".rasa/cache/tmp2dmose8h/memorized_turns.json",
        "hashed_secret": "dc5a06cc048dc70349673fc7d8d4e30319bd25cd",
        "is_verified": false,
        "line_number": 25
      },
      {
        "type": "Base64 High Entropy String",
        "filename": ".rasa/cache/tmp2dmose8h/memorized_turns.json",
        "hashed_secret": "880c071216b6af46c8f5f5aa963a80db46e96b12",
        "is_verified": false,
        "line_number": 26
      },
      {
        "type": "Base64 High Entropy String",
        "filename": ".rasa/cache/tmp2dmose8h/memorized_turns.json",
        "hashed_secret": "675997687c620759f1eb6690166e679b28bb5be9",
        "is_verified": false,
        "line_number": 27
      },
      {
        "type": "Base64 High Entropy String",
        "filename": ".rasa/cache/tmp2dmose8h/memorized_turns.json",
        "hashed_secret": "955ee596fa40c94fe96357a3da960ffae185eb25",
        "is_verified": false,
        "line_number": 28
      },
      {
        "type": "Base64 High Entropy String",
        "filename": ".rasa/cache/tmp2dmose8h/memorized_turns.json",
        "hashed_secret": "f87b5b41bcfcbfaea7fecc7df4d6d40d41266e02",
        "is_verified": false,
        "line_number": 29
      },
      {
        "type": "Base64 High Entropy String",
        "filename": ".rasa/cache/tmp2dmose8h/memorized_turns.json",
        "hashed_secret": "691e94b127b844dee5497e9676116a5c21a0c132",
        "is_verified": false,
        "line_number": 30
      },
      {
        "type": "Base64 High Entropy String",
        "filename": ".rasa/cache/tmp2dmose8h/memorized_turns.json",
        "hashed_secret": "40a2cd960d9ae7032f50dfb86eab096a56fb4a65",
        "is_verified": false,
        "line_number": 31
      }
    ],
    ".rasa/cache/tmp4oa318cv/memorized_turns.json": [
      {
        "type": "Base64 High Entropy String",
        "filename": ".rasa/cache/tmp4oa318cv/memorized_turns.json",
        "hashed_secret": "218dedf7d1e2fa54f8041b8c73ad307e6dedf658",
        "is_verified": false,
        "line_number": 4
      },
      {
        "type": "Base64 High Entropy String",
        "filename": ".rasa/cache/tmp4oa318cv/memorized_turns.json",
        "hashed_secret": "7b12191a9ad8367021a8480ea7822bbdb14a85c3",
        "is_verified": false,
        "line_number": 5
      },
      {
        "type": "Base64 High Entropy String",
        "filename": ".rasa/cache/tmp4oa318cv/memorized_turns.json",
        "hashed_secret": "b489ad56accaaa1e5ed87f081f5926458b6b5a2f",
        "is_verified": false,
        "line_number": 6
      },
      {
        "type": "Base64 High Entropy String",
        "filename": ".rasa/cache/tmp4oa318cv/memorized_turns.json",
        "hashed_secret": "7a6b224ff9850b85b2c09eef4b6db22bc277cd69",
        "is_verified": false,
        "line_number": 7
      },
      {
        "type": "Base64 High Entropy String",
        "filename": ".rasa/cache/tmp4oa318cv/memorized_turns.json",
        "hashed_secret": "9745d1eca9d6c6776eb262d7c8476cc4f5ea3ef7",
        "is_verified": false,
        "line_number": 8
      },
      {
        "type": "Base64 High Entropy String",
        "filename": ".rasa/cache/tmp4oa318cv/memorized_turns.json",
        "hashed_secret": "29148e5bc6dd139547ba60a99afc4712f4787953",
        "is_verified": false,
        "line_number": 9
      },
      {
        "type": "Base64 High Entropy String",
        "filename": ".rasa/cache/tmp4oa318cv/memorized_turns.json",
        "hashed_secret": "e3591b7f5e9906bfa8921329fab7ddbcf42d9c40",
        "is_verified": false,
        "line_number": 10
      },
      {
        "type": "Base64 High Entropy String",
        "filename": ".rasa/cache/tmp4oa318cv/memorized_turns.json",
        "hashed_secret": "9ba2633de3a7c9ce00ed2f9ff68147b9de7688f7",
        "is_verified": false,
        "line_number": 11
      },
      {
        "type": "Base64 High Entropy String",
        "filename": ".rasa/cache/tmp4oa318cv/memorized_turns.json",
        "hashed_secret": "88a284e14a350590bccc6a53603d55bac2df0a5c",
        "is_verified": false,
        "line_number": 12
      },
      {
        "type": "Base64 High Entropy String",
        "filename": ".rasa/cache/tmp4oa318cv/memorized_turns.json",
        "hashed_secret": "3252785d625258e4e6aa8752ffd0d5c79c6eea7a",
        "is_verified": false,
        "line_number": 13
      },
      {
        "type": "Base64 High Entropy String",
        "filename": ".rasa/cache/tmp4oa318cv/memorized_turns.json",
        "hashed_secret": "403806ec9ac5e705aaaa6c999c85ac41edde3616",
        "is_verified": false,
        "line_number": 14
      }
    ],
    ".rasa/cache/tmp_14jgirc/memorized_turns.json": [
      {
        "type": "Base64 High Entropy String",
        "filename": ".rasa/cache/tmp_14jgirc/memorized_turns.json",
        "hashed_secret": "218dedf7d1e2fa54f8041b8c73ad307e6dedf658",
        "is_verified": false,
        "line_number": 4
      },
      {
        "type": "Base64 High Entropy String",
        "filename": ".rasa/cache/tmp_14jgirc/memorized_turns.json",
        "hashed_secret": "7b12191a9ad8367021a8480ea7822bbdb14a85c3",
        "is_verified": false,
        "line_number": 5
      },
      {
        "type": "Base64 High Entropy String",
        "filename": ".rasa/cache/tmp_14jgirc/memorized_turns.json",
        "hashed_secret": "be2eace6ef52fee0210fc1c952f7a773fde93ad0",
        "is_verified": false,
        "line_number": 6
      },
      {
        "type": "Base64 High Entropy String",
        "filename": ".rasa/cache/tmp_14jgirc/memorized_turns.json",
        "hashed_secret": "a1cbe6310b99320047ed469d317a77088b4d9cef",
        "is_verified": false,
        "line_number": 7
      },
      {
        "type": "Base64 High Entropy String",
        "filename": ".rasa/cache/tmp_14jgirc/memorized_turns.json",
        "hashed_secret": "2a8c25490ed0ab9695927b3290098c69af1cfa21",
        "is_verified": false,
        "line_number": 8
      },
      {
        "type": "Base64 High Entropy String",
        "filename": ".rasa/cache/tmp_14jgirc/memorized_turns.json",
        "hashed_secret": "5c26039c5186dc757a40d5ba65c71e8beeae1210",
        "is_verified": false,
        "line_number": 9
      },
      {
        "type": "Base64 High Entropy String",
        "filename": ".rasa/cache/tmp_14jgirc/memorized_turns.json",
        "hashed_secret": "3603f697ac4a8ec219c075377f4d918025b307f2",
        "is_verified": false,
        "line_number": 10
      },
      {
        "type": "Base64 High Entropy String",
        "filename": ".rasa/cache/tmp_14jgirc/memorized_turns.json",
        "hashed_secret": "9f52b59a467ac00d9389e40f6fe9c06426df4129",
        "is_verified": false,
        "line_number": 11
      }
    ],
    ".rasa/cache/tmpgssuolmo/memorized_turns.json": [
      {
        "type": "Base64 High Entropy String",
        "filename": ".rasa/cache/tmpgssuolmo/memorized_turns.json",
        "hashed_secret": "880c071216b6af46c8f5f5aa963a80db46e96b12",
        "is_verified": false,
        "line_number": 4
      },
      {
        "type": "Base64 High Entropy String",
        "filename": ".rasa/cache/tmpgssuolmo/memorized_turns.json",
        "hashed_secret": "675997687c620759f1eb6690166e679b28bb5be9",
        "is_verified": false,
        "line_number": 5
      },
      {
        "type": "Base64 High Entropy String",
        "filename": ".rasa/cache/tmpgssuolmo/memorized_turns.json",
        "hashed_secret": "218dedf7d1e2fa54f8041b8c73ad307e6dedf658",
        "is_verified": false,
        "line_number": 6
      },
      {
        "type": "Base64 High Entropy String",
        "filename": ".rasa/cache/tmpgssuolmo/memorized_turns.json",
        "hashed_secret": "7b12191a9ad8367021a8480ea7822bbdb14a85c3",
        "is_verified": false,
        "line_number": 7
      },
      {
        "type": "Base64 High Entropy String",
        "filename": ".rasa/cache/tmpgssuolmo/memorized_turns.json",
        "hashed_secret": "27f21a8f38346dc1ffcf4d96ef66a248beca5abc",
        "is_verified": false,
        "line_number": 8
      },
      {
        "type": "Base64 High Entropy String",
        "filename": ".rasa/cache/tmpgssuolmo/memorized_turns.json",
        "hashed_secret": "da00fa310cd706496462ce1110f062c7fd8afb14",
        "is_verified": false,
        "line_number": 9
      },
      {
        "type": "Base64 High Entropy String",
        "filename": ".rasa/cache/tmpgssuolmo/memorized_turns.json",
        "hashed_secret": "691e94b127b844dee5497e9676116a5c21a0c132",
        "is_verified": false,
        "line_number": 10
      },
      {
        "type": "Base64 High Entropy String",
        "filename": ".rasa/cache/tmpgssuolmo/memorized_turns.json",
        "hashed_secret": "40a2cd960d9ae7032f50dfb86eab096a56fb4a65",
        "is_verified": false,
        "line_number": 11
      },
      {
        "type": "Base64 High Entropy String",
        "filename": ".rasa/cache/tmpgssuolmo/memorized_turns.json",
        "hashed_secret": "01b0ce516d41c88af39c395105f1fe495483f6c1",
        "is_verified": false,
        "line_number": 12
      },
      {
        "type": "Base64 High Entropy String",
        "filename": ".rasa/cache/tmpgssuolmo/memorized_turns.json",
        "hashed_secret": "43d8f3ea267265bb7096bc67d0140867a49d7e80",
        "is_verified": false,
        "line_number": 13
      },
      {
        "type": "Base64 High Entropy String",
        "filename": ".rasa/cache/tmpgssuolmo/memorized_turns.json",
        "hashed_secret": "8c7bd82821048e911a5e5af05dcf57d9f2e0be3a",
        "is_verified": false,
        "line_number": 14
      },
      {
        "type": "Base64 High Entropy String",
        "filename": ".rasa/cache/tmpgssuolmo/memorized_turns.json",
        "hashed_secret": "8774c60abd5f064359fc3054ab9cc6298a5d460a",
        "is_verified": false,
        "line_number": 15
      },
      {
        "type": "Base64 High Entropy String",
        "filename": ".rasa/cache/tmpgssuolmo/memorized_turns.json",
        "hashed_secret": "3603f697ac4a8ec219c075377f4d918025b307f2",
        "is_verified": false,
        "line_number": 16
      },
      {
        "type": "Base64 High Entropy String",
        "filename": ".rasa/cache/tmpgssuolmo/memorized_turns.json",
        "hashed_secret": "9f52b59a467ac00d9389e40f6fe9c06426df4129",
        "is_verified": false,
        "line_number": 17
      },
      {
        "type": "Base64 High Entropy String",
        "filename": ".rasa/cache/tmpgssuolmo/memorized_turns.json",
        "hashed_secret": "0a06430fe8498b01334e00f10cddca724c7d03e4",
        "is_verified": false,
        "line_number": 18
      },
      {
        "type": "Base64 High Entropy String",
        "filename": ".rasa/cache/tmpgssuolmo/memorized_turns.json",
        "hashed_secret": "f3d2a48a55916db891a265e7e5c2f323562abf00",
        "is_verified": false,
        "line_number": 19
      },
      {
        "type": "Base64 High Entropy String",
        "filename": ".rasa/cache/tmpgssuolmo/memorized_turns.json",
        "hashed_secret": "150a69fad20d8d5a4be3627abc2d97228615f986",
        "is_verified": false,
        "line_number": 20
      },
      {
        "type": "Base64 High Entropy String",
        "filename": ".rasa/cache/tmpgssuolmo/memorized_turns.json",
        "hashed_secret": "dc5a06cc048dc70349673fc7d8d4e30319bd25cd",
        "is_verified": false,
        "line_number": 21
      },
      {
        "type": "Base64 High Entropy String",
        "filename": ".rasa/cache/tmpgssuolmo/memorized_turns.json",
        "hashed_secret": "25b624126d72ea15a61e44e5dc94da0e7ecfae30",
        "is_verified": false,
        "line_number": 22
      },
      {
        "type": "Base64 High Entropy String",
        "filename": ".rasa/cache/tmpgssuolmo/memorized_turns.json",
        "hashed_secret": "28e6c278b7d457054170472010e8149037302d14",
        "is_verified": false,
        "line_number": 23
      },
      {
        "type": "Base64 High Entropy String",
        "filename": ".rasa/cache/tmpgssuolmo/memorized_turns.json",
        "hashed_secret": "f10f421f34a4c99fa0e381d0bb944d9179bd0bff",
        "is_verified": false,
        "line_number": 24
      },
      {
        "type": "Base64 High Entropy String",
        "filename": ".rasa/cache/tmpgssuolmo/memorized_turns.json",
        "hashed_secret": "681309eb7bf34186a2aff6c1d2df36ebbc7b161e",
        "is_verified": false,
        "line_number": 25
      },
      {
        "type": "Base64 High Entropy String",
        "filename": ".rasa/cache/tmpgssuolmo/memorized_turns.json",
        "hashed_secret": "020b48a3ec62bbf81fa59c44086c2987d259387b",
        "is_verified": false,
        "line_number": 26
      },
      {
        "type": "Base64 High Entropy String",
        "filename": ".rasa/cache/tmpgssuolmo/memorized_turns.json",
        "hashed_secret": "62262d6a952587c560b1d1e3cc2d5a2e3490664a",
        "is_verified": false,
        "line_number": 27
      }
    ],
    ".rasa/cache/tmpqm8hl9ps/memorized_turns.json": [
      {
        "type": "Base64 High Entropy String",
        "filename": ".rasa/cache/tmpqm8hl9ps/memorized_turns.json",
        "hashed_secret": "218dedf7d1e2fa54f8041b8c73ad307e6dedf658",
        "is_verified": false,
        "line_number": 4
      },
      {
        "type": "Base64 High Entropy String",
        "filename": ".rasa/cache/tmpqm8hl9ps/memorized_turns.json",
        "hashed_secret": "7b12191a9ad8367021a8480ea7822bbdb14a85c3",
        "is_verified": false,
        "line_number": 5
      },
      {
        "type": "Base64 High Entropy String",
        "filename": ".rasa/cache/tmpqm8hl9ps/memorized_turns.json",
        "hashed_secret": "be2eace6ef52fee0210fc1c952f7a773fde93ad0",
        "is_verified": false,
        "line_number": 6
      },
      {
        "type": "Base64 High Entropy String",
        "filename": ".rasa/cache/tmpqm8hl9ps/memorized_turns.json",
        "hashed_secret": "a1cbe6310b99320047ed469d317a77088b4d9cef",
        "is_verified": false,
        "line_number": 7
      },
      {
        "type": "Base64 High Entropy String",
        "filename": ".rasa/cache/tmpqm8hl9ps/memorized_turns.json",
        "hashed_secret": "2a8c25490ed0ab9695927b3290098c69af1cfa21",
        "is_verified": false,
        "line_number": 8
      },
      {
        "type": "Base64 High Entropy String",
        "filename": ".rasa/cache/tmpqm8hl9ps/memorized_turns.json",
        "hashed_secret": "5c26039c5186dc757a40d5ba65c71e8beeae1210",
        "is_verified": false,
        "line_number": 9
      },
      {
        "type": "Base64 High Entropy String",
        "filename": ".rasa/cache/tmpqm8hl9ps/memorized_turns.json",
        "hashed_secret": "3603f697ac4a8ec219c075377f4d918025b307f2",
        "is_verified": false,
        "line_number": 10
      },
      {
        "type": "Base64 High Entropy String",
        "filename": ".rasa/cache/tmpqm8hl9ps/memorized_turns.json",
        "hashed_secret": "9f52b59a467ac00d9389e40f6fe9c06426df4129",
        "is_verified": false,
        "line_number": 11
      }
    ],
    ".rasa/cache/tmpvx_3flkb/memorized_turns.json": [
      {
        "type": "Base64 High Entropy String",
        "filename": ".rasa/cache/tmpvx_3flkb/memorized_turns.json",
        "hashed_secret": "218dedf7d1e2fa54f8041b8c73ad307e6dedf658",
        "is_verified": false,
        "line_number": 4
      },
      {
        "type": "Base64 High Entropy String",
        "filename": ".rasa/cache/tmpvx_3flkb/memorized_turns.json",
        "hashed_secret": "7b12191a9ad8367021a8480ea7822bbdb14a85c3",
        "is_verified": false,
        "line_number": 5
      },
      {
        "type": "Base64 High Entropy String",
        "filename": ".rasa/cache/tmpvx_3flkb/memorized_turns.json",
        "hashed_secret": "be2eace6ef52fee0210fc1c952f7a773fde93ad0",
        "is_verified": false,
        "line_number": 6
      },
      {
        "type": "Base64 High Entropy String",
        "filename": ".rasa/cache/tmpvx_3flkb/memorized_turns.json",
        "hashed_secret": "a1cbe6310b99320047ed469d317a77088b4d9cef",
        "is_verified": false,
        "line_number": 7
      },
      {
        "type": "Base64 High Entropy String",
        "filename": ".rasa/cache/tmpvx_3flkb/memorized_turns.json",
        "hashed_secret": "2a8c25490ed0ab9695927b3290098c69af1cfa21",
        "is_verified": false,
        "line_number": 8
      },
      {
        "type": "Base64 High Entropy String",
        "filename": ".rasa/cache/tmpvx_3flkb/memorized_turns.json",
        "hashed_secret": "5c26039c5186dc757a40d5ba65c71e8beeae1210",
        "is_verified": false,
        "line_number": 9
      },
      {
        "type": "Base64 High Entropy String",
        "filename": ".rasa/cache/tmpvx_3flkb/memorized_turns.json",
        "hashed_secret": "3603f697ac4a8ec219c075377f4d918025b307f2",
        "is_verified": false,
        "line_number": 10
      },
      {
        "type": "Base64 High Entropy String",
        "filename": ".rasa/cache/tmpvx_3flkb/memorized_turns.json",
        "hashed_secret": "9f52b59a467ac00d9389e40f6fe9c06426df4129",
        "is_verified": false,
        "line_number": 11
      }
    ],
    "app.py": [
      {
        "type": "Secret Keyword",
        "filename": "app.py",
        "hashed_secret": "5ecf944b837b267cbd0a4884467e1b9a2491e3de",
        "is_verified": false,
        "line_number": 39
      }
    ],
    "migrations/versions/52a618ec2c87_initial.py": [
      {
        "type": "Hex High Entropy String",
        "filename": "migrations/versions/52a618ec2c87_initial.py",
        "hashed_secret": "e3ce6ff1d8e223ba364b35b4436483b371d56310",
        "is_verified": false,
        "line_number": 13
      }
    ],
    "migrations/versions/9689b7dd6a0b_package_admin_workflow_and_booking_.py": [
      {
        "type": "Hex High Entropy String",
        "filename": "migrations/versions/9689b7dd6a0b_package_admin_workflow_and_booking_.py",
        "hashed_secret": "c603d339552c926b02fd19318664fb09d8d3ceaa",
        "is_verified": false,
        "line_number": 14
      }
    ],
    "migrations/versions/9907d9c0e126_consultation_workflow.py": [
      {
        "type": "Hex High Entropy String",
        "filename": "migrations/versions/9907d9c0e126_consultation_workflow.py",
        "hashed_secret": "cefa05568dbe341e0b72e9b449e5b22ecac58721",
        "is_verified": false,
        "line_number": 13
      }
    ],
    "migrations/versions/c0ca92141d57_add_booking_service_selection.py": [
      {
        "type": "Hex High Entropy String",
        "filename": "migrations/versions/c0ca92141d57_add_booking_service_selection.py",
        "hashed_secret": "c603d339552c926b02fd19318664fb09d8d3ceaa",
        "is_verified": false,
        "line_number": 13
      }
    ],
    "migrations/versions/d8d3d4487d8a_modify_the_consultation.py": [
      {
        "type": "Hex High Entropy String",
        "filename": "migrations/versions/d8d3d4487d8a_modify_the_consultation.py",
        "hashed_secret": "e3ce6ff1d8e223ba364b35b4436483b371d56310",
        "is_verified": false,
        "line_number": 14
      }
    ],
    "migrations/versions/f04402cb54d4_add_doctor_credentials.py": [
      {
        "type": "Hex High Entropy String",
        "filename": "migrations/versions/f04402cb54d4_add_doctor_credentials.py",
        "hashed_secret": "cefa05568dbe341e0b72e9b449e5b22ecac58721",
        "is_verified": false,
        "line_number": 14
      }
    ]
  },
  "generated_at": "2025-10-23T23:38:12Z"
}
